[vie 27 feb 2026 23:02:45 CET] ALERT: ALERTA CRÍTICA: m_oriente ha alcanzado el 92% de tensión.
[vie 27 feb 2026 23:07:51 CET] ALERT: ALERTA CRÍTICA: argentina ha alcanzado el 95% de tensión.
[vie 27 feb 2026 23:07:57 CET] ALERT: ALERTA CRÍTICA: asia ha alcanzado el 90% de tensión.
[vie 27 feb 2026 23:08:03 CET] ALERT: ALERTA CRÍTICA: brasil ha alcanzado el 95% de tensión.
[vie 27 feb 2026 23:08:10 CET] ALERT: ALERTA CRÍTICA: china ha alcanzado el 90% de tensión.
[vie 27 feb 2026 23:08:16 CET] ALERT: ALERTA CRÍTICA: europa ha alcanzado el 95% de tensión.
[vie 27 feb 2026 23:08:22 CET] ALERT: ALERTA CRÍTICA: latam ha alcanzado el 95% de tensión.
[vie 27 feb 2026 23:08:29 CET] ALERT: ALERTA CRÍTICA: mexico ha alcanzado el 95% de tensión.
[vie 27 feb 2026 23:08:35 CET] ALERT: ALERTA CRÍTICA: m_oriente ha alcanzado el 95% de tensión.
[vie 27 feb 2026 23:08:41 CET] ALERT: ALERTA CRÍTICA: sahel ha alcanzado el 95% de tensión.
[vie 27 feb 2026 23:08:47 CET] ALERT: ALERTA CRÍTICA: ucrania ha alcanzado el 95% de tensión.
[vie 27 feb 2026 23:08:54 CET] ALERT: ALERTA CRÍTICA: usa ha alcanzado el 95% de tensión.
[vie 27 feb 2026 23:14:00 CET] ALERT: ALERTA CRÍTICA: argentina ha alcanzado el 95% de tensión.
[vie 27 feb 2026 23:14:06 CET] ALERT: ALERTA CRÍTICA: asia ha alcanzado el 90% de tensión.
[vie 27 feb 2026 23:14:13 CET] ALERT: ALERTA CRÍTICA: brasil ha alcanzado el 95% de tensión.
[vie 27 feb 2026 23:14:19 CET] ALERT: ALERTA CRÍTICA: china ha alcanzado el 90% de tensión.
[vie 27 feb 2026 23:14:25 CET] ALERT: ALERTA CRÍTICA: europa ha alcanzado el 95% de tensión.
[vie 27 feb 2026 23:14:31 CET] ALERT: ALERTA CRÍTICA: latam ha alcanzado el 95% de tensión.
[vie 27 feb 2026 23:14:38 CET] ALERT: ALERTA CRÍTICA: mexico ha alcanzado el 95% de tensión.
[vie 27 feb 2026 23:14:44 CET] ALERT: ALERTA CRÍTICA: m_oriente ha alcanzado el 95% de tensión.
[vie 27 feb 2026 23:14:50 CET] ALERT: ALERTA CRÍTICA: sahel ha alcanzado el 95% de tensión.
[vie 27 feb 2026 23:14:56 CET] ALERT: ALERTA CRÍTICA: ucrania ha alcanzado el 95% de tensión.
[vie 27 feb 2026 23:15:03 CET] ALERT: ALERTA CRÍTICA: usa ha alcanzado el 95% de tensión.
[vie 27 feb 2026 23:20:09 CET] ALERT: ALERTA CRÍTICA: argentina ha alcanzado el 95% de tensión.
[vie 27 feb 2026 23:20:15 CET] ALERT: ALERTA CRÍTICA: asia ha alcanzado el 90% de tensión.
[vie 27 feb 2026 23:20:22 CET] ALERT: ALERTA CRÍTICA: brasil ha alcanzado el 95% de tensión.
[vie 27 feb 2026 23:20:28 CET] ALERT: ALERTA CRÍTICA: china ha alcanzado el 90% de tensión.
[vie 27 feb 2026 23:20:34 CET] ALERT: ALERTA CRÍTICA: europa ha alcanzado el 95% de tensión.
[vie 27 feb 2026 23:20:40 CET] ALERT: ALERTA CRÍTICA: latam ha alcanzado el 95% de tensión.
[vie 27 feb 2026 23:20:47 CET] ALERT: ALERTA CRÍTICA: mexico ha alcanzado el 95% de tensión.
[vie 27 feb 2026 23:20:53 CET] ALERT: ALERTA CRÍTICA: m_oriente ha alcanzado el 95% de tensión.
[vie 27 feb 2026 23:20:59 CET] ALERT: ALERTA CRÍTICA: sahel ha alcanzado el 95% de tensión.
[vie 27 feb 2026 23:21:05 CET] ALERT: ALERTA CRÍTICA: ucrania ha alcanzado el 95% de tensión.
[vie 27 feb 2026 23:21:12 CET] ALERT: ALERTA CRÍTICA: usa ha alcanzado el 95% de tensión.
[vie 27 feb 2026 23:26:18 CET] ALERT: ALERTA CRÍTICA: argentina ha alcanzado el 95% de tensión.
[vie 27 feb 2026 23:26:24 CET] ALERT: ALERTA CRÍTICA: asia ha alcanzado el 90% de tensión.
[vie 27 feb 2026 23:26:30 CET] ALERT: ALERTA CRÍTICA: brasil ha alcanzado el 95% de tensión.
[vie 27 feb 2026 23:26:37 CET] ALERT: ALERTA CRÍTICA: china ha alcanzado el 90% de tensión.
[vie 27 feb 2026 23:26:43 CET] ALERT: ALERTA CRÍTICA: europa ha alcanzado el 95% de tensión.
[vie 27 feb 2026 23:26:49 CET] ALERT: ALERTA CRÍTICA: latam ha alcanzado el 95% de tensión.
[vie 27 feb 2026 23:26:55 CET] ALERT: ALERTA CRÍTICA: mexico ha alcanzado el 95% de tensión.
[vie 27 feb 2026 23:27:02 CET] ALERT: ALERTA CRÍTICA: m_oriente ha alcanzado el 95% de tensión.
[vie 27 feb 2026 23:27:08 CET] ALERT: ALERTA CRÍTICA: sahel ha alcanzado el 95% de tensión.
[vie 27 feb 2026 23:27:14 CET] ALERT: ALERTA CRÍTICA: ucrania ha alcanzado el 95% de tensión.
[vie 27 feb 2026 23:27:20 CET] ALERT: ALERTA CRÍTICA: usa ha alcanzado el 95% de tensión.
