--- INICIO CICLO INTEL: 2026-02-27 18:00:01 ---
[EXE] Ejecutando geoint_europa.py...
[ OK ] geoint_europa.py finalizado con éxito.
[EXE] Ejecutando geoint_m_oriente.py...
[ OK ] geoint_m_oriente.py finalizado con éxito.
[EXE] Ejecutando geoint_sahel.py...
[ OK ] geoint_sahel.py finalizado con éxito.
[EXE] Ejecutando geoint_asia.py...
[ OK ] geoint_asia.py finalizado con éxito.
[EXE] Ejecutando geoint_usa.py...
[ OK ] geoint_usa.py finalizado con éxito.
[EXE] Ejecutando geoint_latam.py...
[ OK ] geoint_latam.py finalizado con éxito.
[EXE] Ejecutando historico.py...
[ OK ] historico.py finalizado con éxito.
--- FIN DEL CICLO ---
--- INICIO CICLO INTEL: 2026-02-27 19:00:01 ---
[EXE] Ejecutando geoint_europa.py...
[ OK ] geoint_europa.py finalizado con éxito.
[EXE] Ejecutando geoint_m_oriente.py...
[ OK ] geoint_m_oriente.py finalizado con éxito.
[EXE] Ejecutando geoint_sahel.py...
[ OK ] geoint_sahel.py finalizado con éxito.
[EXE] Ejecutando geoint_asia.py...
[ OK ] geoint_asia.py finalizado con éxito.
[EXE] Ejecutando geoint_usa.py...
[ OK ] geoint_usa.py finalizado con éxito.
[EXE] Ejecutando geoint_latam.py...
[ OK ] geoint_latam.py finalizado con éxito.
[EXE] Ejecutando historico.py...
[ OK ] historico.py finalizado con éxito.
--- FIN DEL CICLO ---
--- INICIO CICLO INTEL: 2026-02-27 20:00:01 ---
[EXE] Ejecutando geoint_europa.py...
[ OK ] geoint_europa.py finalizado con éxito.
[EXE] Ejecutando geoint_m_oriente.py...
[ OK ] geoint_m_oriente.py finalizado con éxito.
[EXE] Ejecutando geoint_sahel.py...
[ OK ] geoint_sahel.py finalizado con éxito.
[EXE] Ejecutando geoint_asia.py...
[ OK ] geoint_asia.py finalizado con éxito.
[EXE] Ejecutando geoint_usa.py...
[ OK ] geoint_usa.py finalizado con éxito.
[EXE] Ejecutando geoint_latam.py...
[ OK ] geoint_latam.py finalizado con éxito.
[EXE] Ejecutando historico.py...
[ OK ] historico.py finalizado con éxito.
--- FIN DEL CICLO ---
--- INICIO CICLO INTEL: 2026-02-27 23:00:01 ---
[EXE] Ejecutando geoint_europa.py...
[ OK ] geoint_europa.py finalizado con éxito.
[EXE] Ejecutando geoint_m_oriente.py...
[ OK ] geoint_m_oriente.py finalizado con éxito.
[EXE] Ejecutando geoint_sahel.py...
[ OK ] geoint_sahel.py finalizado con éxito.
[EXE] Ejecutando geoint_asia.py...
[ OK ] geoint_asia.py finalizado con éxito.
[EXE] Ejecutando geoint_usa.py...
[ OK ] geoint_usa.py finalizado con éxito.
[EXE] Ejecutando geoint_latam.py...
[ OK ] geoint_latam.py finalizado con éxito.
[EXE] Ejecutando historico.py...
[ OK ] historico.py finalizado con éxito.
--- FIN DEL CICLO ---
--- INICIO CICLO INTEL: 2026-02-28 09:00:01 ---
[EXE] Ejecutando geoint_europa.py...
[ OK ] geoint_europa.py finalizado con éxito.
[EXE] Ejecutando geoint_m_oriente.py...
[ OK ] geoint_m_oriente.py finalizado con éxito.
[EXE] Ejecutando geoint_sahel.py...
[ OK ] geoint_sahel.py finalizado con éxito.
[EXE] Ejecutando geoint_asia.py...
[ OK ] geoint_asia.py finalizado con éxito.
[EXE] Ejecutando geoint_usa.py...
[ OK ] geoint_usa.py finalizado con éxito.
[EXE] Ejecutando geoint_latam.py...
[ OK ] geoint_latam.py finalizado con éxito.
[EXE] Ejecutando historico.py...
[ OK ] historico.py finalizado con éxito.
--- FIN DEL CICLO ---
--- INICIO CICLO INTEL: 2026-02-28 11:00:01 ---
[EXE] Ejecutando geoint_europa.py...
[ OK ] geoint_europa.py finalizado con éxito.
[EXE] Ejecutando geoint_m_oriente.py...
[ OK ] geoint_m_oriente.py finalizado con éxito.
[EXE] Ejecutando geoint_sahel.py...
[ OK ] geoint_sahel.py finalizado con éxito.
[EXE] Ejecutando geoint_asia.py...
[ OK ] geoint_asia.py finalizado con éxito.
[EXE] Ejecutando geoint_usa.py...
[ OK ] geoint_usa.py finalizado con éxito.
[EXE] Ejecutando geoint_latam.py...
[ OK ] geoint_latam.py finalizado con éxito.
[EXE] Ejecutando historico.py...
[ OK ] historico.py finalizado con éxito.
--- FIN DEL CICLO ---
--- INICIO CICLO INTEL: 2026-02-28 14:00:01 ---
[EXE] Ejecutando geoint_europa.py...
[ OK ] geoint_europa.py finalizado con éxito.
[EXE] Ejecutando geoint_m_oriente.py...
[ OK ] geoint_m_oriente.py finalizado con éxito.
[EXE] Ejecutando geoint_sahel.py...
[ OK ] geoint_sahel.py finalizado con éxito.
[EXE] Ejecutando geoint_asia.py...
[ OK ] geoint_asia.py finalizado con éxito.
[EXE] Ejecutando geoint_usa.py...
[ OK ] geoint_usa.py finalizado con éxito.
[EXE] Ejecutando geoint_latam.py...
[ OK ] geoint_latam.py finalizado con éxito.
[EXE] Ejecutando historico.py...
[ OK ] historico.py finalizado con éxito.
--- FIN DEL CICLO ---
